// Vitest Snapshot v1

exports[`PokemonCard > should match snapshot 1`] = `
{
  "component": PokemonCard$ {
    "$$": {
      "after_update": [],
      "before_update": [],
      "bound": {},
      "callbacks": {},
      "context": Map {},
      "ctx": [
        {
          "id": "150",
          "image": "https://raw.githubusercontent.com/PokeAPI/sprites/master/sprites/pokemon/150",
          "name": "Mewtwo",
        },
      ],
      "dirty": [
        -1,
      ],
      "fragment": {
        "c": [Function],
        "d": [Function],
        "i": [Function],
        "l": [Function],
        "m": [Function],
        "o": [Function],
        "p": [Function],
      },
      "not_equal": [Function],
      "on_destroy": [
        [Function],
      ],
      "on_disconnect": [],
      "on_mount": [],
      "props": {
        "pokeman": 0,
      },
      "root": <div>
        <a
          class="p-6 bg-gray-100 text-gray-800 text-center rounded-md shadow-sm hover:shadow-md flex flex-col items-center"
          data-testid="card-testid"
          href="/pokemon/150"
        >
          <img
            alt="Mewtwo"
            class="w-40 h-40"
            src="https://raw.githubusercontent.com/PokeAPI/sprites/master/sprites/pokemon/150"
          />
           
          <h2
            class="uppercase text-2xl"
            data-testid="cardname-testid"
          >
            150
            . 
            Mewtwo
          </h2>
        </a>
      </div>,
      "skip_bound": false,
      "update": [Function],
    },
    "$$set": [Function],
    "$capture_state": [Function],
    "$inject_state": [Function],
  },
  "container": <body>
    <div>
      <a
        class="p-6 bg-gray-100 text-gray-800 text-center rounded-md shadow-sm hover:shadow-md flex flex-col items-center"
        data-testid="card-testid"
        href="/pokemon/150"
      >
        <img
          alt="Mewtwo"
          class="w-40 h-40"
          src="https://raw.githubusercontent.com/PokeAPI/sprites/master/sprites/pokemon/150"
        />
         
        <h2
          class="uppercase text-2xl"
          data-testid="cardname-testid"
        >
          150
          . 
          Mewtwo
        </h2>
      </a>
    </div>
  </body>,
  "debug": [Function],
  "findAllByAltText": [Function],
  "findAllByDisplayValue": [Function],
  "findAllByLabelText": [Function],
  "findAllByPlaceholderText": [Function],
  "findAllByRole": [Function],
  "findAllByTestId": [Function],
  "findAllByText": [Function],
  "findAllByTitle": [Function],
  "findByAltText": [Function],
  "findByDisplayValue": [Function],
  "findByLabelText": [Function],
  "findByPlaceholderText": [Function],
  "findByRole": [Function],
  "findByTestId": [Function],
  "findByText": [Function],
  "findByTitle": [Function],
  "getAllByAltText": [Function],
  "getAllByDisplayValue": [Function],
  "getAllByLabelText": [Function],
  "getAllByPlaceholderText": [Function],
  "getAllByRole": [Function],
  "getAllByTestId": [Function],
  "getAllByText": [Function],
  "getAllByTitle": [Function],
  "getByAltText": [Function],
  "getByDisplayValue": [Function],
  "getByLabelText": [Function],
  "getByPlaceholderText": [Function],
  "getByRole": [Function],
  "getByTestId": [Function],
  "getByText": [Function],
  "getByTitle": [Function],
  "queryAllByAltText": [Function],
  "queryAllByDisplayValue": [Function],
  "queryAllByLabelText": [Function],
  "queryAllByPlaceholderText": [Function],
  "queryAllByRole": [Function],
  "queryAllByTestId": [Function],
  "queryAllByText": [Function],
  "queryAllByTitle": [Function],
  "queryByAltText": [Function],
  "queryByDisplayValue": [Function],
  "queryByLabelText": [Function],
  "queryByPlaceholderText": [Function],
  "queryByRole": [Function],
  "queryByTestId": [Function],
  "queryByText": [Function],
  "queryByTitle": [Function],
  "rerender": [Function],
  "unmount": [Function],
}
`;
